qqqqqqqqqqqq111111
